Archive member included because of file (symbol)

c:/winavr-20071221/bin/../lib/gcc/avr/4.2.2/avr5\libgcc.a(_exit.o)
                              c:/winavr-20071221/bin/../lib/gcc/avr/4.2.2/../../../../avr/lib/avr5/crtm168.o (exit)
c:/winavr-20071221/bin/../lib/gcc/avr/4.2.2/avr5\libgcc.a(_copy_data.o)
                              nRF_USB2Serial.o (__do_copy_data)
c:/winavr-20071221/bin/../lib/gcc/avr/4.2.2/avr5\libgcc.a(_clear_bss.o)
                              nRF_USB2Serial.o (__do_clear_bss)

Allocating common symbols
Common symbol       size              file

rf_rx_array         0x4               nRF_USB2Serial.o
data_array          0x5               nRF_USB2Serial.o
RX_array            0x200             nRF_USB2Serial.o
rf_tx_array         0x4               nRF_USB2Serial.o

Memory Configuration

Name             Origin             Length             Attributes
text             0x00000000         0x00020000         xr
data             0x00800060         0x0000ffa0         rw !x
eeprom           0x00810000         0x00010000         rw !x
fuse             0x00820000         0x00000400         rw !x
lock             0x00830000         0x00000400         rw !x
signature        0x00840000         0x00000400         rw !x
*default*        0x00000000         0xffffffff

Linker script and memory map

Address of section .data set to 0x800100
LOAD c:/winavr-20071221/bin/../lib/gcc/avr/4.2.2/../../../../avr/lib/avr5/crtm168.o
LOAD nRF_USB2Serial.o
LOAD c:/winavr-20071221/bin/../lib/gcc/avr/4.2.2/../../../../avr/lib/avr5\libm.a
LOAD c:/winavr-20071221/bin/../lib/gcc/avr/4.2.2/avr5\libgcc.a
LOAD c:/winavr-20071221/bin/../lib/gcc/avr/4.2.2/../../../../avr/lib/avr5\libc.a
LOAD c:/winavr-20071221/bin/../lib/gcc/avr/4.2.2/avr5\libgcc.a

.hash
 *(.hash)

.dynsym
 *(.dynsym)

.dynstr
 *(.dynstr)

.gnu.version
 *(.gnu.version)

.gnu.version_d
 *(.gnu.version_d)

.gnu.version_r
 *(.gnu.version_r)

.rel.init
 *(.rel.init)

.rela.init
 *(.rela.init)

.rel.text
 *(.rel.text)
 *(.rel.text.*)
 *(.rel.gnu.linkonce.t*)

.rela.text
 *(.rela.text)
 *(.rela.text.*)
 *(.rela.gnu.linkonce.t*)

.rel.fini
 *(.rel.fini)

.rela.fini
 *(.rela.fini)

.rel.rodata
 *(.rel.rodata)
 *(.rel.rodata.*)
 *(.rel.gnu.linkonce.r*)

.rela.rodata
 *(.rela.rodata)
 *(.rela.rodata.*)
 *(.rela.gnu.linkonce.r*)

.rel.data
 *(.rel.data)
 *(.rel.data.*)
 *(.rel.gnu.linkonce.d*)

.rela.data
 *(.rela.data)
 *(.rela.data.*)
 *(.rela.gnu.linkonce.d*)

.rel.ctors
 *(.rel.ctors)

.rela.ctors
 *(.rela.ctors)

.rel.dtors
 *(.rel.dtors)

.rela.dtors
 *(.rela.dtors)

.rel.got
 *(.rel.got)

.rela.got
 *(.rela.got)

.rel.bss
 *(.rel.bss)

.rela.bss
 *(.rela.bss)

.rel.plt
 *(.rel.plt)

.rela.plt
 *(.rela.plt)

.text           0x00000000      0x7bc
 *(.vectors)
 .vectors       0x00000000       0x68 c:/winavr-20071221/bin/../lib/gcc/avr/4.2.2/../../../../avr/lib/avr5/crtm168.o
                0x00000000                __vectors
                0x00000000                __vector_default
 *(.vectors)
 *(.progmem.gcc*)
 *(.progmem*)
                0x00000068                . = ALIGN (0x2)
                0x00000068                __trampolines_start = .
 *(.trampolines)
 .trampolines   0x00000068        0x0 linker stubs
 *(.trampolines*)
                0x00000068                __trampolines_end = .
 *(.jumptables)
 *(.jumptables*)
 *(.lowtext)
 *(.lowtext*)
                0x00000068                __ctors_start = .
 *(.ctors)
                0x00000068                __ctors_end = .
                0x00000068                __dtors_start = .
 *(.dtors)
                0x00000068                __dtors_end = .
 SORT(*)(.ctors)
 SORT(*)(.dtors)
 *(.init0)
 .init0         0x00000068        0x0 c:/winavr-20071221/bin/../lib/gcc/avr/4.2.2/../../../../avr/lib/avr5/crtm168.o
                0x00000068                __init
 *(.init0)
 *(.init1)
 *(.init1)
 *(.init2)
 .init2         0x00000068        0xc c:/winavr-20071221/bin/../lib/gcc/avr/4.2.2/../../../../avr/lib/avr5/crtm168.o
 *(.init2)
 *(.init3)
 *(.init3)
 *(.init4)
 .init4         0x00000074       0x16 c:/winavr-20071221/bin/../lib/gcc/avr/4.2.2/avr5\libgcc.a(_copy_data.o)
                0x00000074                __do_copy_data
 .init4         0x0000008a       0x10 c:/winavr-20071221/bin/../lib/gcc/avr/4.2.2/avr5\libgcc.a(_clear_bss.o)
                0x0000008a                __do_clear_bss
 *(.init4)
 *(.init5)
 *(.init5)
 *(.init6)
 *(.init6)
 *(.init7)
 *(.init7)
 *(.init8)
 *(.init8)
 *(.init9)
 .init9         0x0000009a        0x8 c:/winavr-20071221/bin/../lib/gcc/avr/4.2.2/../../../../avr/lib/avr5/crtm168.o
 *(.init9)
 *(.text)
 .text          0x000000a2        0x4 c:/winavr-20071221/bin/../lib/gcc/avr/4.2.2/../../../../avr/lib/avr5/crtm168.o
                0x000000a2                __vector_22
                0x000000a2                __vector_1
                0x000000a2                __vector_24
                0x000000a2                __vector_12
                0x000000a2                __bad_interrupt
                0x000000a2                __vector_6
                0x000000a2                __vector_3
                0x000000a2                __vector_23
                0x000000a2                __vector_25
                0x000000a2                __vector_11
                0x000000a2                __vector_13
                0x000000a2                __vector_17
                0x000000a2                __vector_19
                0x000000a2                __vector_7
                0x000000a2                __vector_5
                0x000000a2                __vector_4
                0x000000a2                __vector_2
                0x000000a2                __vector_21
                0x000000a2                __vector_15
                0x000000a2                __vector_8
                0x000000a2                __vector_14
                0x000000a2                __vector_10
                0x000000a2                __vector_16
                0x000000a2                __vector_20
 .text          0x000000a6      0x714 nRF_USB2Serial.o
                0x000002fc                tx_send_payload
                0x0000021a                send_byte
                0x000003ba                transmit_string
                0x000000d2                init_24L01_pins
                0x000000a6                rx_data_nRF2401A
                0x0000032c                config_tx_nRF24L01
                0x0000018a                uart_getchar
                0x00000402                config_tx_nRF2401A
                0x0000015a                ioinit
                0x0000019a                delay_us
                0x000002ce                config_rx_nRF24L01
                0x0000052a                tx_data_nRF2401A
                0x00000226                send_command
                0x000005ba                main
                0x000001aa                delay_ms
                0x000001d6                tx_spi_byte
                0x00000146                __vector_9
                0x0000023e                rx_data_nRF24L01
                0x0000038e                tx_data_nRF24L01
                0x000000e0                __vector_18
                0x0000046a                config_rx_nRF2401A
                0x000005aa                put_char
 .text          0x000007ba        0x0 c:/winavr-20071221/bin/../lib/gcc/avr/4.2.2/avr5\libgcc.a(_exit.o)
 .text          0x000007ba        0x0 c:/winavr-20071221/bin/../lib/gcc/avr/4.2.2/avr5\libgcc.a(_copy_data.o)
 .text          0x000007ba        0x0 c:/winavr-20071221/bin/../lib/gcc/avr/4.2.2/avr5\libgcc.a(_clear_bss.o)
                0x000007ba                . = ALIGN (0x2)
 *(.text.*)
 .text.libgcc   0x000007ba        0x0 c:/winavr-20071221/bin/../lib/gcc/avr/4.2.2/avr5\libgcc.a(_exit.o)
 .text.libgcc   0x000007ba        0x0 c:/winavr-20071221/bin/../lib/gcc/avr/4.2.2/avr5\libgcc.a(_copy_data.o)
 .text.libgcc   0x000007ba        0x0 c:/winavr-20071221/bin/../lib/gcc/avr/4.2.2/avr5\libgcc.a(_clear_bss.o)
                0x000007ba                . = ALIGN (0x2)
 *(.fini9)
 .fini9         0x000007ba        0x0 c:/winavr-20071221/bin/../lib/gcc/avr/4.2.2/avr5\libgcc.a(_exit.o)
                0x000007ba                exit
                0x000007ba                _exit
 *(.fini9)
 *(.fini8)
 *(.fini8)
 *(.fini7)
 *(.fini7)
 *(.fini6)
 *(.fini6)
 *(.fini5)
 *(.fini5)
 *(.fini4)
 *(.fini4)
 *(.fini3)
 *(.fini3)
 *(.fini2)
 *(.fini2)
 *(.fini1)
 *(.fini1)
 *(.fini0)
 .fini0         0x000007ba        0x2 c:/winavr-20071221/bin/../lib/gcc/avr/4.2.2/avr5\libgcc.a(_exit.o)
 *(.fini0)
                0x000007bc                _etext = .

.data           0x00800100        0x0 load address 0x000007bc
                0x00800100                PROVIDE (__data_start, .)
 *(.data)
 .data          0x00800100        0x0 c:/winavr-20071221/bin/../lib/gcc/avr/4.2.2/../../../../avr/lib/avr5/crtm168.o
 .data          0x00800100        0x0 nRF_USB2Serial.o
 .data          0x00800100        0x0 c:/winavr-20071221/bin/../lib/gcc/avr/4.2.2/avr5\libgcc.a(_exit.o)
 .data          0x00800100        0x0 c:/winavr-20071221/bin/../lib/gcc/avr/4.2.2/avr5\libgcc.a(_copy_data.o)
 .data          0x00800100        0x0 c:/winavr-20071221/bin/../lib/gcc/avr/4.2.2/avr5\libgcc.a(_clear_bss.o)
 *(.data*)
 *(.rodata)
 *(.rodata*)
 *(.gnu.linkonce.d*)
                0x00800100                . = ALIGN (0x2)
                0x00800100                _edata = .
                0x00800100                PROVIDE (__data_end, .)

.bss            0x00800100      0x212 load address 0x000007bc
                0x00800100                PROVIDE (__bss_start, .)
 *(.bss)
 .bss           0x00800100        0x0 c:/winavr-20071221/bin/../lib/gcc/avr/4.2.2/../../../../avr/lib/avr5/crtm168.o
 .bss           0x00800100        0x5 nRF_USB2Serial.o
                0x00800102                RX_read
                0x00800100                RX_in
                0x00800104                data_send
 .bss           0x00800105        0x0 c:/winavr-20071221/bin/../lib/gcc/avr/4.2.2/avr5\libgcc.a(_exit.o)
 .bss           0x00800105        0x0 c:/winavr-20071221/bin/../lib/gcc/avr/4.2.2/avr5\libgcc.a(_copy_data.o)
 .bss           0x00800105        0x0 c:/winavr-20071221/bin/../lib/gcc/avr/4.2.2/avr5\libgcc.a(_clear_bss.o)
 *(.bss*)
 *(COMMON)
 COMMON         0x00800105      0x20d nRF_USB2Serial.o
                0x00800105                rf_rx_array
                0x00800109                data_array
                0x0080010e                RX_array
                0x0080030e                rf_tx_array
                0x00800312                PROVIDE (__bss_end, .)
                0x000007bc                __data_load_start = LOADADDR (.data)
                0x000007bc                __data_load_end = (__data_load_start + SIZEOF (.data))

.noinit         0x00800312        0x0
                0x00800312                PROVIDE (__noinit_start, .)
 *(.noinit*)
                0x00800312                PROVIDE (__noinit_end, .)
                0x00800312                _end = .
                0x00800312                PROVIDE (__heap_start, .)

.eeprom         0x00810000        0x0
 *(.eeprom*)
                0x00810000                __eeprom_end = .

.fuse
 *(.fuse)
 *(.lfuse)
 *(.hfuse)
 *(.efuse)

.lock
 *(.lock*)

.signature
 *(.signature*)

.stab           0x00000000      0x378
 *(.stab)
 .stab          0x00000000      0x378 c:/winavr-20071221/bin/../lib/gcc/avr/4.2.2/../../../../avr/lib/avr5/crtm168.o

.stabstr        0x00000000       0x5f
 *(.stabstr)
 .stabstr       0x00000000       0x5f c:/winavr-20071221/bin/../lib/gcc/avr/4.2.2/../../../../avr/lib/avr5/crtm168.o

.stab.excl
 *(.stab.excl)

.stab.exclstr
 *(.stab.exclstr)

.stab.index
 *(.stab.index)

.stab.indexstr
 *(.stab.indexstr)

.comment
 *(.comment)

.debug
 *(.debug)

.line
 *(.line)

.debug_srcinfo
 *(.debug_srcinfo)

.debug_sfnames
 *(.debug_sfnames)

.debug_aranges  0x00000000       0x20
 *(.debug_aranges)
 .debug_aranges
                0x00000000       0x20 nRF_USB2Serial.o

.debug_pubnames
                0x00000000      0x1f8
 *(.debug_pubnames)
 .debug_pubnames
                0x00000000      0x1f8 nRF_USB2Serial.o

.debug_info     0x00000000      0x574
 *(.debug_info)
 .debug_info    0x00000000      0x574 nRF_USB2Serial.o
 *(.gnu.linkonce.wi.*)

.debug_abbrev   0x00000000      0x1d7
 *(.debug_abbrev)
 .debug_abbrev  0x00000000      0x1d7 nRF_USB2Serial.o

.debug_line     0x00000000      0xa38
 *(.debug_line)
 .debug_line    0x00000000      0xa38 nRF_USB2Serial.o

.debug_frame    0x00000000      0x170
 *(.debug_frame)
 .debug_frame   0x00000000      0x170 nRF_USB2Serial.o

.debug_str      0x00000000      0x27f
 *(.debug_str)
 .debug_str     0x00000000      0x27f nRF_USB2Serial.o
                                0x2c6 (size before relaxing)

.debug_loc      0x00000000      0x2be
 *(.debug_loc)
 .debug_loc     0x00000000      0x2be nRF_USB2Serial.o

.debug_macinfo
 *(.debug_macinfo)
OUTPUT(nRF_USB2Serial.elf elf32-avr)
LOAD linker stubs

Cross Reference Table

Symbol                                            File
RX_array                                          nRF_USB2Serial.o
RX_in                                             nRF_USB2Serial.o
RX_read                                           nRF_USB2Serial.o
__bad_interrupt                                   c:/winavr-20071221/bin/../lib/gcc/avr/4.2.2/../../../../avr/lib/avr5/crtm168.o
__bss_end                                         c:/winavr-20071221/bin/../lib/gcc/avr/4.2.2/avr5\libgcc.a(_clear_bss.o)
__bss_start                                       c:/winavr-20071221/bin/../lib/gcc/avr/4.2.2/avr5\libgcc.a(_clear_bss.o)
__data_end                                        c:/winavr-20071221/bin/../lib/gcc/avr/4.2.2/avr5\libgcc.a(_copy_data.o)
__data_load_start                                 c:/winavr-20071221/bin/../lib/gcc/avr/4.2.2/avr5\libgcc.a(_copy_data.o)
__data_start                                      c:/winavr-20071221/bin/../lib/gcc/avr/4.2.2/avr5\libgcc.a(_copy_data.o)
__do_clear_bss                                    c:/winavr-20071221/bin/../lib/gcc/avr/4.2.2/avr5\libgcc.a(_clear_bss.o)
                                                  nRF_USB2Serial.o
__do_copy_data                                    c:/winavr-20071221/bin/../lib/gcc/avr/4.2.2/avr5\libgcc.a(_copy_data.o)
                                                  nRF_USB2Serial.o
__heap_end                                        c:/winavr-20071221/bin/../lib/gcc/avr/4.2.2/../../../../avr/lib/avr5/crtm168.o
__init                                            c:/winavr-20071221/bin/../lib/gcc/avr/4.2.2/../../../../avr/lib/avr5/crtm168.o
__stack                                           c:/winavr-20071221/bin/../lib/gcc/avr/4.2.2/../../../../avr/lib/avr5/crtm168.o
__vector_1                                        c:/winavr-20071221/bin/../lib/gcc/avr/4.2.2/../../../../avr/lib/avr5/crtm168.o
__vector_10                                       c:/winavr-20071221/bin/../lib/gcc/avr/4.2.2/../../../../avr/lib/avr5/crtm168.o
__vector_11                                       c:/winavr-20071221/bin/../lib/gcc/avr/4.2.2/../../../../avr/lib/avr5/crtm168.o
__vector_12                                       c:/winavr-20071221/bin/../lib/gcc/avr/4.2.2/../../../../avr/lib/avr5/crtm168.o
__vector_13                                       c:/winavr-20071221/bin/../lib/gcc/avr/4.2.2/../../../../avr/lib/avr5/crtm168.o
__vector_14                                       c:/winavr-20071221/bin/../lib/gcc/avr/4.2.2/../../../../avr/lib/avr5/crtm168.o
__vector_15                                       c:/winavr-20071221/bin/../lib/gcc/avr/4.2.2/../../../../avr/lib/avr5/crtm168.o
__vector_16                                       c:/winavr-20071221/bin/../lib/gcc/avr/4.2.2/../../../../avr/lib/avr5/crtm168.o
__vector_17                                       c:/winavr-20071221/bin/../lib/gcc/avr/4.2.2/../../../../avr/lib/avr5/crtm168.o
__vector_18                                       nRF_USB2Serial.o
                                                  c:/winavr-20071221/bin/../lib/gcc/avr/4.2.2/../../../../avr/lib/avr5/crtm168.o
__vector_19                                       c:/winavr-20071221/bin/../lib/gcc/avr/4.2.2/../../../../avr/lib/avr5/crtm168.o
__vector_2                                        c:/winavr-20071221/bin/../lib/gcc/avr/4.2.2/../../../../avr/lib/avr5/crtm168.o
__vector_20                                       c:/winavr-20071221/bin/../lib/gcc/avr/4.2.2/../../../../avr/lib/avr5/crtm168.o
__vector_21                                       c:/winavr-20071221/bin/../lib/gcc/avr/4.2.2/../../../../avr/lib/avr5/crtm168.o
__vector_22                                       c:/winavr-20071221/bin/../lib/gcc/avr/4.2.2/../../../../avr/lib/avr5/crtm168.o
__vector_23                                       c:/winavr-20071221/bin/../lib/gcc/avr/4.2.2/../../../../avr/lib/avr5/crtm168.o
__vector_24                                       c:/winavr-20071221/bin/../lib/gcc/avr/4.2.2/../../../../avr/lib/avr5/crtm168.o
__vector_25                                       c:/winavr-20071221/bin/../lib/gcc/avr/4.2.2/../../../../avr/lib/avr5/crtm168.o
__vector_3                                        c:/winavr-20071221/bin/../lib/gcc/avr/4.2.2/../../../../avr/lib/avr5/crtm168.o
__vector_4                                        c:/winavr-20071221/bin/../lib/gcc/avr/4.2.2/../../../../avr/lib/avr5/crtm168.o
__vector_5                                        c:/winavr-20071221/bin/../lib/gcc/avr/4.2.2/../../../../avr/lib/avr5/crtm168.o
__vector_6                                        c:/winavr-20071221/bin/../lib/gcc/avr/4.2.2/../../../../avr/lib/avr5/crtm168.o
__vector_7                                        c:/winavr-20071221/bin/../lib/gcc/avr/4.2.2/../../../../avr/lib/avr5/crtm168.o
__vector_8                                        c:/winavr-20071221/bin/../lib/gcc/avr/4.2.2/../../../../avr/lib/avr5/crtm168.o
__vector_9                                        nRF_USB2Serial.o
                                                  c:/winavr-20071221/bin/../lib/gcc/avr/4.2.2/../../../../avr/lib/avr5/crtm168.o
__vector_default                                  c:/winavr-20071221/bin/../lib/gcc/avr/4.2.2/../../../../avr/lib/avr5/crtm168.o
__vectors                                         c:/winavr-20071221/bin/../lib/gcc/avr/4.2.2/../../../../avr/lib/avr5/crtm168.o
_exit                                             c:/winavr-20071221/bin/../lib/gcc/avr/4.2.2/avr5\libgcc.a(_exit.o)
config_rx_nRF2401A                                nRF_USB2Serial.o
config_rx_nRF24L01                                nRF_USB2Serial.o
config_tx_nRF2401A                                nRF_USB2Serial.o
config_tx_nRF24L01                                nRF_USB2Serial.o
data_array                                        nRF_USB2Serial.o
data_send                                         nRF_USB2Serial.o
delay_ms                                          nRF_USB2Serial.o
delay_us                                          nRF_USB2Serial.o
exit                                              c:/winavr-20071221/bin/../lib/gcc/avr/4.2.2/avr5\libgcc.a(_exit.o)
                                                  c:/winavr-20071221/bin/../lib/gcc/avr/4.2.2/../../../../avr/lib/avr5/crtm168.o
init_24L01_pins                                   nRF_USB2Serial.o
ioinit                                            nRF_USB2Serial.o
main                                              nRF_USB2Serial.o
                                                  c:/winavr-20071221/bin/../lib/gcc/avr/4.2.2/../../../../avr/lib/avr5/crtm168.o
put_char                                          nRF_USB2Serial.o
rf_rx_array                                       nRF_USB2Serial.o
rf_tx_array                                       nRF_USB2Serial.o
rx_data_nRF2401A                                  nRF_USB2Serial.o
rx_data_nRF24L01                                  nRF_USB2Serial.o
send_byte                                         nRF_USB2Serial.o
send_command                                      nRF_USB2Serial.o
transmit_string                                   nRF_USB2Serial.o
tx_data_nRF2401A                                  nRF_USB2Serial.o
tx_data_nRF24L01                                  nRF_USB2Serial.o
tx_send_payload                                   nRF_USB2Serial.o
tx_spi_byte                                       nRF_USB2Serial.o
uart_getchar                                      nRF_USB2Serial.o
